signal output:
[[-0.30786133 -0.39199829 -0.34420776 -0.35498047]
 [-0.30331421 -0.4085083  -0.33901978 -0.37487793]
 [-0.29840088 -0.42907715 -0.33230591 -0.40112305]
 [-0.29516602 -0.4453125  -0.32678223 -0.41842651]
 [-0.29556274 -0.45758057 -0.32110596 -0.43707275]
 [-0.29144287 -0.47451782 -0.31506348 -0.46224976]
 [-0.28607178 -0.48565674 -0.31271362 -0.48049927]
 [-0.28259277 -0.49224854 -0.31155396 -0.49224854]
 [-0.28088379 -0.49679565 -0.30471802 -0.50222778]
 [-0.28219604 -0.49954224 -0.29943848 -0.51016235]]
